// Jest Snapshot v1, https://goo.gl/fbAQLP

exports[`checks sortArrayByField correctly sorts. changes the record's vehicleID to 'Test Vehicle ID'. 1`] = `
Array [
  Object {
    "company": "",
    "contactID": "1",
    "contactType": "Friend",
    "email": "steve.johnson@gmail.com",
    "familyName": "Johnson",
    "givenName": "Steve",
    "homePhone": "",
    "mobile": "1111222233",
  },
  Object {
    "company": "Hilary's Fish 'n' Chips",
    "contactID": "2",
    "contactType": "Work",
    "email": "hilary.kirk@gmail.com",
    "familyName": "Kirk",
    "givenName": "Hilary",
    "homePhone": "",
    "mobile": "2222333344",
  },
  Object {
    "company": "JeffLifts",
    "contactID": "3",
    "contactType": "Sport",
    "email": "jeff.yota@gmail.com",
    "familyName": "Yota",
    "givenName": "Jeffery",
    "homePhone": "",
    "mobile": "3333444455",
  },
  Object {
    "company": "OfficeWorks",
    "contactID": "31",
    "contactType": "Work",
    "email": "amy.bjorne@gmail.com",
    "familyName": "Bjorne",
    "givenName": "Amy",
    "homePhone": "44448888",
    "mobile": "0000111122",
  },
]
`;

exports[`checks sortArrayByField correctly sorts. changes the record's vehicleID to 'Test Vehicle ID'. 2`] = `
Array [
  Object {
    "company": "",
    "contactID": "1",
    "contactType": "Friend",
    "email": "steve.johnson@gmail.com",
    "familyName": "Johnson",
    "givenName": "Steve",
    "homePhone": "",
    "mobile": "1111222233",
  },
  Object {
    "company": "JeffLifts",
    "contactID": "3",
    "contactType": "Sport",
    "email": "jeff.yota@gmail.com",
    "familyName": "Yota",
    "givenName": "Jeffery",
    "homePhone": "",
    "mobile": "3333444455",
  },
  Object {
    "company": "Hilary's Fish 'n' Chips",
    "contactID": "2",
    "contactType": "Work",
    "email": "hilary.kirk@gmail.com",
    "familyName": "Kirk",
    "givenName": "Hilary",
    "homePhone": "",
    "mobile": "2222333344",
  },
  Object {
    "company": "OfficeWorks",
    "contactID": "31",
    "contactType": "Work",
    "email": "amy.bjorne@gmail.com",
    "familyName": "Bjorne",
    "givenName": "Amy",
    "homePhone": "44448888",
    "mobile": "0000111122",
  },
]
`;
